[www.dominos.com/index.html]
[www.dominos.com/public/d0dcbf8173c8d8318b7968bf1aa8f971f52e37ec8c59]
[www.dominos.com/dpz-ecomm-makeline-ui-mfe/_next/static/css/styles.css]
[www.dominos.com/dpz-ecomm-auth-mfe/_next/static/css/styles.css]
[www.dominos.com/dpz-ecomm-service-methods-mfe/_next/static/css/styles.css]
[www.dominos.com/dpz-ecomm-cart-mfe/_next/static/css/styles.css]
[www.dominos.com/dpz-ecomm-campaign-mfe/_next/static/css/styles.css]
[www.dominos.com/dpz-ecomm-deals-mfe/_next/static/css/styles.css]
[www.dominos.com/dpz-ecomm-rewards-mfe/_next/static/css/styles.css]
[www.dominos.com/dpz-ecomm-product-mfe/_next/static/css/styles.css]
[www.dominos.com/dpz-ecomm-makeline-ui-mfe/_next/static/fonts/Dominos_Sans_Display_VF.woff2]
[backblue.gif]
[fade.gif]
[index.html]
[www.dominos.com/_next/static/css/pages/_app_30f9e76b0d076251.css]
[www.dominos.com/_next/static/chunks/polyfills-42372ed130431b0a.js]
[www.dominos.com/raygun-window.js]
[www.dominos.com/speedcurve.js]
[cdn.speedcurve.com/js/lux7606.js]
[www.dominos.com/_next/static/chunks/webpack-987b1c6ab6ec90df.js]
[www.dominos.com/_next/static/chunks/main-9bbeb9edf0d21a79.js]
[www.dominos.com/_next/static/chunks/pages/index-938fd7e01c741043.js]
[www.dominos.com/_next/static/chunks/pages/_app-1f23290222f8d82a.js]
[www.dominos.com/_next/static/5vHIo5Bucj2LAT1PfviJp/_buildManifest.js]
[www.dominos.com/_next/static/5vHIo5Bucj2LAT1PfviJp/_ssgManifest.js]
[www.dominos.com/menu.html]
[www.dominos.com/deals.html]
[www.dominos.com/my-deals-and-rewards.html]
[www.dominos.com/tracker.html]
[www.dominos.com/dpz-ecomm-makeline-ui-mfe/icons/modern/place--neutral-white.svg]
[www.dominos.com/dpz-ecomm-checkout-mfe/_next/static/css/styles.css]
[www.dominos.com/cms/assets/3e434123-d667-4f23-960c-d55c9987e1090fb9.jpg]
[www.dominos.com/cms/assets/fd735f00-674b-4c3c-9f57-97b57ad1c2b6d8ac.jpg]
[www.dominos.com/cms/assets/43778453-e8b1-4db6-83fa-00f2dc43d6e39745.png]
[www.dominos.com/index32f4.html]
[www.dominos.com/index0e22.html]
[www.dominos.com/cms/assets/premiumseriesnationaldeal4179.jpg]
[www.dominos.com/cms/assets/a42244cb-ee24-4231-b6cf-cfdfbf1f2bc4916c.jpg]
[www.dominos.com/cms/assets/295ee22e-705d-47e3-8ad3-4ed180a8f27f2417.jpg]
[www.dominos.com/dpz-ecomm-makeline-ui-mfe/icons/modern/icon-type-arrow-back--cool-gray-500.svg]
[www.dominos.com/dpz-ecomm-makeline-ui-mfe/icons/modern/icon-type-arrow-forward--text-tertiary.svg]
[www.dominos.com/dpz-ecomm-makeline-ui-mfe/icons/modern/icon-type-arrow-back--warm-gray-400.svg]
[www.dominos.com/cms/assets/fd735f00-674b-4c3c-9f57-97b57ad1c2b62f17.jpg]
[www.dominos.com/cms/assets/43778453-e8b1-4db6-83fa-00f2dc43d6e36846.jpg]
[www.dominos.com/cms/assets/16279dec-7e30-45d5-9793-b839f36873af17fe.jpg]
[www.dominos.com/cms/assets/a42244cb-ee24-4231-b6cf-cfdfbf1f2bc40419.jpg]
[www.dominos.com/cms/assets/295ee22e-705d-47e3-8ad3-4ed180a8f27fb339.jpg]
[www.dominos.com/cms/assets/d2c2c0cf-a01a-4ada-af01-927c6ecc6f572b2c.jpg]
[www.dominos.com/cms/assets/dominos-rewards-brand-blue.svg]
[www.dominos.com/cms/assets/270b93c2-a629-4541-bfc0-b8d6b9a7320f6967.png]
[www.dominos.com/cms/assets/e981ac7d-12a0-4412-a5f3-f2da0c489d808b64.png]
[www.dominos.com/menu/build-your-own.html]
[www.dominos.com/cms/assets/2050a7ae-c278-4d60-b984-0956367382cf2f79.png]
[www.dominos.com/menu/specialty.html]
[www.dominos.com/cms/assets/25702277-acad-4abb-8427-34b639f67ecd5cdd.png]
[www.dominos.com/menu/bread.html]
[www.dominos.com/cms/assets/52a5cd59-c19c-472d-b5b2-e8e0c6144408929e.png]
[www.dominos.com/cms/assets/ae22b2e2-9f64-423f-98e7-df93821a49930515.png]
[www.dominos.com/menu/wings.html]
[www.dominos.com/cms/assets/dec46cc9-7059-4004-8b32-14fc9465bac15a27.png]
[www.dominos.com/menu/dessert.html]
[www.dominos.com/cms/assets/de67c289-a105-4ee3-a0ef-015aa5b73f4982af.png]
[www.dominos.com/menu/pasta.html]
[www.dominos.com/cms/assets/7c90a9cc-9c70-4ff2-a030-f2a4fdfd9f55da56.png]
[www.dominos.com/menu/sandwich.html]
[www.dominos.com/cms/assets/86aa18bc-ed6b-49d3-af01-a1302a4916d90354.png]
[www.dominos.com/menu/g-salad.html]
[www.dominos.com/cms/assets/b25dd6b4-4327-4bbb-b37d-880e8eb30b93cdea.png]
[www.dominos.com/menu/drinks.html]
[www.dominos.com/dpz-ecomm-makeline-ui-mfe/icons/modern/logo-dominos-trademark.svg]
[www.dominos.com/menu/sides.html]
[www.dominos.com/dpz-ecomm-makeline-ui-mfe/icons/modern/externalpage.svg]
[www.dominos.com/content/customer-support.html]
[www.dominos.com/content/email-and-text-offers.html]
[www.dominos.com/content/nutrition.html]
[www.dominos.com/content/allergen-info.html]
[www.dominos.com/content/gluten-free-warning.html]
[www.dominos.com/content/ingredients.html]
[www.dominos.com/content/gift-cards.html]
[www.dominos.com/content/carryout-insurance.html]
[www.dominos.com/data-privacy-rights.html]
[www.dominos.com/content/privacy.html]
[www.dominos.com/content/terms-of-use.html]
[www.dominos.com/app-store-badge.svg]
[www.dominos.com/google-play-badge.svg]
[www.dominos.com/index.html]
[www.dominos.com/dpz-ecomm-makeline-ui-mfe/_next/static/fonts/OneDot.woff2]
[www.dominos.com/content/accessibility-policy.html]
[www.dominos.com/dpz-ecomm-makeline-ui-mfe/_next/static/fonts/OneDot-Bold.woff2]
[www.dominos.com/dpz-ecomm-makeline-ui-mfe/_next/static/fonts/OneDotCd-Bold.woff2]
[www.dominos.com/dpz-ecomm-makeline-ui-mfe/_next/static/fonts/OneDotCd-BoldItalic.woff2]
[www.dominos.com/dpz-ecomm-makeline-ui-mfe/_next/static/fonts/OneDotExt.woff2]
[www.dominos.com/dpz-ecomm-makeline-ui-mfe/_next/static/fonts/OneDotExt-Bold.woff2]
[www.dominos.com/dpz-ecomm-makeline-ui-mfe/_next/static/fonts/Dominos_Sans_Text_VF.woff2]
[www.dominos.com/dpz-ecomm-makeline-ui-mfe/_next/static/fonts/StJudeSansWeb-Bold.woff2]
[www.dominos.com/dpz-ecomm-makeline-ui-mfe/_next/static/fonts/TT_Commons_Pro_Variable.woff2]
[www.dominos.com/dpz-ecomm-makeline-ui-mfe/_next/static/css/styles.css]
[www.dominos.com/dpz-ecomm-auth-mfe/_next/static/css/styles.css]
[www.dominos.com/dpz-ecomm-service-methods-mfe/_next/static/css/styles.css]
[www.dominos.com/dpz-ecomm-cart-mfe/_next/static/css/styles.css]
[www.dominos.com/dpz-ecomm-campaign-mfe/_next/static/css/styles.css]
[www.dominos.com/dpz-ecomm-deals-mfe/_next/static/css/styles.css]
[www.dominos.com/dpz-ecomm-rewards-mfe/_next/static/css/styles.css]
[www.dominos.com/dpz-ecomm-product-mfe/_next/static/css/styles.css]
[www.dominos.com/en/index.html]
[www.dominos.com/_next/static/css/pages/_app_30f9e76b0d076251.css]
[www.dominos.com/en.html]
[www.dominos.com/en/menu.html]
[www.dominos.com/_next/static/chunks/pages/menu-da9656bfa9cec8ed.js]
[www.dominos.com/menu/previous.html]
[www.dominos.com/menu32f4.html]
[www.dominos.com/menu0e22.html]
[www.dominos.com/cms/assets/e8e0ce5e-13d1-4b64-865e-9e02345398eab10d.png]
[www.dominos.com/cms/assets/fd735f00-674b-4c3c-9f57-97b57ad1c2b66b14.jpg]
[www.dominos.com/menu.html]
[www.dominos.com/en/deals.html]
[www.dominos.com/_next/static/chunks/pages/deals-93a035155d4bb822.js]
[www.dominos.com/dpz-ecomm-makeline-ui-mfe/icons/modern/price-tag.svg]
[www.dominos.com/cms/assets/3e434123-d667-4f23-960c-d55c9987e109a7f8.jpg]
[www.dominos.com/cms/assets/16279dec-7e30-45d5-9793-b839f36873aff31f.jpg]
[www.dominos.com/deals.html]
[www.dominos.com/_next/static/chunks/pages/my-deals-and-rewards-7bdb31bc5c0565c1.js]
[www.dominos.com/my-deals-and-rewards.html]
[www.dominos.com/en/my-deals-and-rewards.html]
[www.dominos.com/dpz-ecomm-tracker-mfe/_next/static/css/styles.css]
[www.dominos.com/en/tracker.html]
[www.dominos.com/_next/static/chunks/pages/tracker-60b6aa876756d8fd.js]
[www.dominos.com/tracker.html]
[www.dominos.com/dpz-ecomm-makeline-ui-mfe/icons/modern/place--neutral-white.svg]
[www.dominos.com/dpz-ecomm-checkout-mfe/_next/static/media/error--text-error.106a7236.svg]
[www.dominos.com/dpz-ecomm-checkout-mfe/_next/static/css/styles.css]
[www.dominos.com/index32f4.html]
[www.dominos.com/index0e22.html]
[www.dominos.com/dpz-ecomm-makeline-ui-mfe/icons/modern/icon-type-arrow-back--cool-gray-500.svg]
[www.dominos.com/dpz-ecomm-makeline-ui-mfe/icons/modern/icon-type-arrow-forward--text-tertiary.svg]
[www.dominos.com/dpz-ecomm-makeline-ui-mfe/icons/modern/icon-type-arrow-back--warm-gray-400.svg]
[www.dominos.com/cms/assets/dominos-rewards-brand-blue.svg]
[www.dominos.com/en/menu/build-your-own.html]
[www.dominos.com/_next/static/chunks/pages/menu/build-your-own-bfd88967bd3eb6ac.js]
[www.dominos.com/menu/build-your-own.html]
[www.dominos.com/en/menu/specialty.html]
[www.dominos.com/_next/static/chunks/pages/menu/[categoryId]-f55f33f87ad2b9c0.js]
[www.dominos.com/menu/specialty32f4.html]
[www.dominos.com/menu/specialty0e22.html]
[www.dominos.com/cms/assets/67222907-7e77-4e80-8e79-2dcd9648c631e0a5.png]
[www.dominos.com/dpz-ecomm-makeline-ui-mfe/icons/modern/icon-type-add-cart--background-primary.svg]
[www.dominos.com/dpz-ecomm-makeline-ui-mfe/icons/modern/minus--text-tertiary.svg]
[www.dominos.com/menu/specialty/S_PIZSC/spicy_chicken_bacon_ranch.html]
[www.dominos.com/dpz-ecomm-makeline-ui-mfe/icons/modern/plus--background-primary.svg]
[www.dominos.com/cms/assets/af88b8df-d1a4-4c9c-8355-1a88e2738c322193.png]
[www.dominos.com/cms/assets/d0c46bf9-dae2-40aa-a2d7-57cf9fa3e7b83347.png]
[www.dominos.com/menu/specialty/S_DX/the_peoples_pizza_deluxe.html]
[www.dominos.com/cms/assets/e0fcc4ee-786b-4b65-92e1-64333e0ca32d5f34.png]
[www.dominos.com/menu/specialty/S_ZZ/extravaganzza.html]
[www.dominos.com/cms/assets/58cd97aa-b8d4-4491-8037-0455b15db539ffb7.png]
[www.dominos.com/menu/specialty/S_MX/meatzza.html]
[www.dominos.com/cms/assets/f0103005-ab83-450f-841e-29a61f0886eda62d.png]
[www.dominos.com/menu/specialty/S_PIZUH/honolulu_hawaiian.html]
[www.dominos.com/cms/assets/790a8630-81d5-45df-b7f2-7bd5018586387e8e.png]
[www.dominos.com/menu/specialty/S_PIZPH/philly_cheese_steak.html]
[www.dominos.com/cms/assets/1fba5036-f10d-4ced-bbfc-793d86a05974dc7f.png]
[www.dominos.com/menu/specialty/S_PIZPV/pacific_veggie.html]
[www.dominos.com/cms/assets/ecc77cc0-1a5c-40bc-8370-a439890e43a10b79.png]
[www.dominos.com/menu/specialty/S_PIZPX/ultimate_pepperoni.html]
[www.dominos.com/cms/assets/d51e9b0f-2a48-4b24-b13b-2009398aa8ec3e91.png]
[www.dominos.com/menu/specialty/S_PIZCK/memphis_bbq_chicken.html]
[www.dominos.com/cms/assets/ee8f576a-be35-4586-8c13-0422fd2223729a06.png]
[www.dominos.com/menu/specialty/S_PIZCZ/wisconsin_6cheese.html]
[www.dominos.com/menu/specialty.html]
[www.dominos.com/menu/specialty/S_PISPF/spinach_feta.html]
[www.dominos.com/en/menu/bread.html]
[www.dominos.com/menu/bread32f4.html]
[www.dominos.com/menu/bread0e22.html]
[www.dominos.com/cms/assets/05ac6651-8c64-4fd7-865c-35e6c6e2c0c6b6f7.png]
[www.dominos.com/cms/assets/cb9e8272-fd8f-4e01-ac04-4fb2e84c74b83584.png]
[www.dominos.com/menu/bread/F_PBITES/parmesan_bread_bites.html]
[www.dominos.com/cms/assets/1542fbb0-1ac5-4ca7-9337-ac9ff570894db23e.png]
[www.dominos.com/menu/bread/F_GBITES/garlic_bread_bites.html]
[www.dominos.com/cms/assets/9d3473c5-4883-4ecf-a1dd-3f93799ee17f9d0a.png]
[www.dominos.com/menu/bread/F_SCBRD/stuffed_cheesy_bread.html]
[www.dominos.com/cms/assets/4344cc7a-695f-4f22-8f83-5d4065d06f3377e7.png]
[www.dominos.com/menu/bread/F_SPBRD/pepperoni_stuffed_cheesy_bread.html]
[www.dominos.com/cms/assets/9f691dae-8c6d-4a1b-873b-349a3b59eb151a8f.png]
[www.dominos.com/menu/bread/F_SSBRD/spinach_feta_stuffed_cheesy_bread.html]
[www.dominos.com/cms/assets/d9a81a88-c0ad-46a4-be4d-4ae7a481d1459ed4.png]
[www.dominos.com/menu/bread/F_SBBRD/bacon_jalapeno_stuffed_cheesy_bread.html]
[www.dominos.com/menu/bread.html]
[www.dominos.com/menu/bread/F_CBITES/cinnamon_bread_bites.html]
[www.dominos.com/en/menu/wings.html]
[www.dominos.com/menu/wings32f4.html]
[www.dominos.com/menu/wings0e22.html]
[www.dominos.com/cms/assets/57d521dd-6307-40d4-82fa-d34e1bed613743fb.png]
[www.dominos.com/cms/assets/c3395e8d-f0ce-48da-bf2e-ede56e00d0ff1618.png]
[www.dominos.com/menu/wings/S_SCCBT/loaded_chicken_crispy_bacon_tomato.html]
[www.dominos.com/cms/assets/29f7b9c3-4f6f-48f5-83ba-90bee259e803f9c4.png]
[www.dominos.com/menu/wings/S_SCCHB/loaded_chicken_classic_hot_buffalo.html]
[www.dominos.com/cms/assets/92e5e84a-106c-4d2d-98cf-45ecde815b651073.png]
[www.dominos.com/menu/wings/S_SCSJP/loaded_chicken_spicy_jalapeno_pineapple.html]
[www.dominos.com/cms/assets/bef7d005-195c-45eb-935d-ac9ec462dd34733e.png]
[www.dominos.com/menu/wings/S_SCSBBQ/loaded_chicken_sweet_bbq_bacon.html]
[www.dominos.com/cms/assets/bfcd93a4-02c1-4822-97aa-4906d5de828aad4c.png]
[www.dominos.com/menu/wings/S_HOTWINGS/hot_buffalo_wings.html]
[www.dominos.com/cms/assets/3f0c7768-c606-49b8-889a-190c2018153602db.png]
[www.dominos.com/menu/wings/S_BBQW/honey_bbq_wings.html]
[www.dominos.com/cms/assets/a6a2b4f7-5621-46c9-989c-10378c33548d8365.png]
[www.dominos.com/menu/wings/S_PLNWINGS/plain_wings.html]
[www.dominos.com/cms/assets/98c65bfe-c54b-4ae8-8fc2-0a073c3cab981070.png]
[www.dominos.com/menu/wings/S_SMANG/sweet_mango_habanero_wings.html]
[www.dominos.com/cms/assets/074b9690-f3fb-4085-9356-0f116ceb205c1a3b.png]
[www.dominos.com/menu/wings/S_GPRMWING/garlic_parmesan_wings.html]
[www.dominos.com/menu/wings.html]
[www.dominos.com/menu/wings/S_BONELESS/boneless_chicken.html]
[www.dominos.com/en/menu/dessert.html]
[www.dominos.com/menu/dessert32f4.html]
[www.dominos.com/menu/dessert0e22.html]
[www.dominos.com/menu/dessert/F_CBITES/cinnamon_bread_bites.html]
[www.dominos.com/cms/assets/b37f9e7a-b17b-4614-882f-e1b6700cbba4db3d.png]
[www.dominos.com/cms/assets/14d62c32-d2c8-4536-9e9c-3ab46856c3727039.png]
[www.dominos.com/menu/dessert/F_MRBRWNE/dominos_marbled_cookie_brownie.html]
[www.dominos.com/menu/dessert.html]
[www.dominos.com/menu/dessert/F_LAVA/chocolate_lava_crunch_cakes.html]
[www.dominos.com/en/menu/pasta.html]
[www.dominos.com/menu/pasta32f4.html]
[www.dominos.com/menu/pasta0e22.html]
[www.dominos.com/cms/assets/281d4d36-ca81-4789-b3c2-91a1deeaeb018ca3.png]
[www.dominos.com/cms/assets/cd6afd00-4ac2-4f09-843b-48190eb1fb4bb097.png]
[www.dominos.com/menu/pasta/S_5CHSMAC/5cheese_mac_cheese.html]
[www.dominos.com/cms/assets/2a718451-e1f7-415a-a01a-3734b65f9a2128ae.png]
[www.dominos.com/menu/pasta/S_BUFFALO/spicy_buffalo_5cheese_mac_cheese.html]
[www.dominos.com/menu/pasta.html]
[www.dominos.com/menu/pasta/S_ALFR/chicken_alfredo.html]
[www.dominos.com/en/menu/sandwich.html]
[www.dominos.com/menu/sandwich32f4.html]
[www.dominos.com/menu/sandwich0e22.html]
[www.dominos.com/cms/assets/79434f39-e8ee-491b-baff-c4d54154dc6fa031.png]
[www.dominos.com/cms/assets/409e3875-7647-41b9-86b1-4ba3ef231f0afcd8.png]
[www.dominos.com/menu/sandwich/S_PHIL/philly_cheese_steak.html]
[www.dominos.com/cms/assets/86d7f569-ff6f-4a44-8321-4e3e2bfa4c00879a.png]
[www.dominos.com/menu/sandwich/S_CHIKK/chicken_bacon_ranch.html]
[www.dominos.com/cms/assets/e36abdda-8939-4ace-a4c0-0143b7b311200985.png]
[www.dominos.com/menu/sandwich/S_ITALIAN/italian.html]
[www.dominos.com/cms/assets/a23ef260-0adc-4d7d-b352-d0706faa3c970140.png]
[www.dominos.com/menu/sandwich/S_CHIKP/chicken_parm.html]
[www.dominos.com/menu/sandwich.html]
[www.dominos.com/menu/sandwich/S_BUFC/buffalo_chicken.html]
[www.dominos.com/en/menu/g-salad.html]
[www.dominos.com/menu/g-salad32f4.html]
[www.dominos.com/menu/g-salad0e22.html]
[www.dominos.com/cms/assets/71840f38-b957-4807-bac3-5e42945a62be6822.png]
[www.dominos.com/menu/g-salad/F_GARDEN/classic_garden.html]
[www.dominos.com/cms/assets/2e350962-1978-4de2-a7d0-ff6fb4054bbdc14b.png]
[www.dominos.com/menu/g-salad.html]
[www.dominos.com/menu/g-salad/F_CCAESAR/chicken_caesar.html]
[www.dominos.com/en/menu/drinks.html]
[www.dominos.com/menu/drinks32f4.html]
[www.dominos.com/menu/drinks0e22.html]
[www.dominos.com/cms/assets/805c2b22-b266-455b-b05a-a41606eebfcb8804.png]
[www.dominos.com/cms/assets/901295ad-1cea-4ccb-b29d-b0c25b5052d20fba.png]
[www.dominos.com/menu/drinks/F_COKE/coke.html]
[www.dominos.com/cms/assets/fb886d80-1d8e-44ce-97b1-34aeca196eda0b9e.png]
[www.dominos.com/menu/drinks/F_DIET/diet_coke.html]
[www.dominos.com/cms/assets/63672b0e-f999-45bc-b52f-6cad7e5fd0f4cab0.png]
[www.dominos.com/menu/drinks/F_SPRITE/sprite.html]
[www.dominos.com/cms/assets/93a37c30-c684-4ec0-9588-0011c6df2886efcc.png]
[www.dominos.com/menu/drinks/F_WATER/dasani_bottle_water.html]
[www.dominos.com/menu/drinks.html]
[www.dominos.com/menu/drinks/F_ORAN/fanta_orange.html]
[www.dominos.com/en/menu/sides.html]
[www.dominos.com/menu/sides32f4.html]
[www.dominos.com/menu/sides0e22.html]
[www.dominos.com/cms/assets/c34ac73a-2983-40ae-8caf-29ed9a663aba3f15.png]
[www.dominos.com/cms/assets/982ff959-3140-472b-ad10-41f1fd8c672402dd.png]
[www.dominos.com/menu/sides/F_SIDSLICE/slice_sauce_dipping_cup.html]
[www.dominos.com/cms/assets/9dece078-a952-4151-94e2-7c831dde923257d2.png]
[www.dominos.com/menu/sides/F_HOTCUP/hot_buffalo_dipping_cup.html]
[www.dominos.com/cms/assets/6bc602ea-23d8-4c88-bc4d-0da9b4855641f51a.png]
[www.dominos.com/menu/sides/F_SMHAB/sweet_mango_habanero_dipping_cup.html]
[www.dominos.com/cms/assets/1722ee7c-788f-4cef-867f-5195d7bc7d75ab06.png]
[www.dominos.com/menu/sides/F_BBQC/honey_bbq_dipping_cup.html]
[www.dominos.com/cms/assets/25ca46f9-a1db-4342-8a22-2d61d3b2cbd5380b.png]
[www.dominos.com/menu/sides/F_SIDRAN/ranch_dipping_cup.html]
[www.dominos.com/cms/assets/a09de470-f2ea-44c3-803a-c53c941c94c06010.png]
[www.dominos.com/menu/sides/F_Bd/blue_cheese_dipping_cup.html]
[www.dominos.com/cms/assets/1e0a6fbe-4827-446c-9ebd-5c3d90a45d458d0a.png]
[www.dominos.com/menu/sides/F_SIDGAR/garlic_dipping_cup.html]
[www.dominos.com/cms/assets/dacbc263-d458-4a23-ad21-44a45e2d2baf933c.png]
[www.dominos.com/menu/sides/F_SIDICE/icing_dipping_cup.html]
[www.dominos.com/cms/assets/baca7f6c-0a5e-4b4e-9189-51ea35cb0c062c00.png]
[www.dominos.com/menu/sides/F_SIDMAR/marinara_dipping_cup.html]
[www.dominos.com/cms/assets/1aafa24c-eb75-4afb-84f4-5856938ab7507579.png]
[www.dominos.com/menu/sides/F_CAESAR/caesar_dressing.html]
[www.dominos.com/cms/assets/f5f0f552-8683-4d92-b0c7-f2bdefa57c387472.jpg]
[www.dominos.com/menu/sides/F_RANCHPK/ranch_dressing.html]
[www.dominos.com/menu/sides/F_STJUDE/st_jude_donation.html]
[www.dominos.com/cms/assets/9a2a451a-ab9b-480f-b97b-613473a3d64f70e2.png]
[www.dominos.com/menu/sides.html]
[www.dominos.com/dpz-ecomm-makeline-ui-mfe/icons/modern/logo-dominos-trademark.svg]
[www.dominos.com/dpz-ecomm-makeline-ui-mfe/icons/modern/externalpage.svg]
[www.dominos.com/en/about-pizza/index.html]
[www.dominos.com/menu/sides/F_BALVIN/balsamic.html]
[www.dominos.com/en/about-pizza.html]
[www.dominos.com/en/content/customer-support.html]
[www.dominos.com/_next/static/chunks/pages/content/customer-support-6f8891b94bf50bcf.js]
[www.dominos.com/dpz-ecomm-makeline-ui-mfe/icons/modern/icon-type-arrow-right.svg]
[www.dominos.com/content/customer-support.html]
[www.dominos.com/en/content/email-and-text-offers.html]
[www.dominos.com/_next/static/chunks/pages/content/[slug]-76793bd206b65b38.js]
[www.dominos.com/customer/profile]
[www.dominos.com/content/email-and-text-offers.html]
[www.dominos.com/content/unsubscribe.html]
[www.dominos.com/en/international/index.html]
[www.dominos.com/en/international.html]
[www.dominos.com/en/content/nutrition.html]
[www.dominos.com/cms/assets/NutritionGuide_June 2026_v2.pdf]
[www.dominos.com/content/nutrition.html]
[www.dominos.com/content/allergen-info.html]
[www.dominos.com/en/content/allergen-info.html]
[www.dominos.com/content/gluten-free-warning.html]
[www.dominos.com/en/content/gluten-free-warning.html]
[www.dominos.com/content/ingredients.html]
[www.dominos.com/en/content/ingredients.html]
[www.dominos.com/content/gift-cards.html]
[www.dominos.com/en/content/gift-cards.html]
[www.dominos.com/content/carryout-insurance.html]
[www.dominos.com/en/content/carryout-insurance.html]
[www.dominos.com/en/data-privacy-rights.html]
[www.dominos.com/_next/static/chunks/pages/data-privacy-rights-257a9f4c73e4e961.js]
[www.dominos.com/data-privacy-rights.html]
[www.dominos.com/en/content/privacy.html]
[www.dominos.com/content/gift-card-policy.html]
[www.dominos.com/content/biometric-data-policy.html]
[www.dominos.com/rewards.118.delayed]
[www.dominos.com/content/privacy.html]
[www.dominos.com/content/terms-of-use.html]
[www.dominos.com/app-store-badge.svg]
[www.dominos.com/google-play-badge.svg]
[www.dominos.com/en/content/terms-of-use.html]
[www.dominos.com/content/accessibility-policy.html]
[www.dominos.com/en/content/accessibility-policy.html]
[www.dominos.com/en32f4.html]
[www.dominos.com/en.html]
[www.dominos.com/en0e22.html]
[www.dominos.com/en/menu/previous.html]
[www.dominos.com/en/menu32f4.html]
[www.dominos.com/en/menu.html]
[www.dominos.com/en/menu0e22.html]
[www.dominos.com/_next/static/chunks/pages/menu/previous-4ec6d567a418146f.js]
[www.dominos.com/menu/previous.html]
[www.dominos.com/menu32f4.html]
[www.dominos.com/menu0e22.html]
[www.dominos.com/en/deals.html]
[www.dominos.com/dpz-ecomm-makeline-ui-mfe/icons/modern/price-tag.svg]
[www.dominos.com/en/my-deals-and-rewards.html]
[www.dominos.com/dpz-ecomm-tracker-mfe/_next/static/css/styles.css]
[www.dominos.com/en/tracker.html]
[www.dominos.com/dpz-ecomm-checkout-mfe/_next/static/media/error--text-error.106a7236.svg]
[www.dominos.com/en/menu/build-your-own.html]
[www.dominos.com/en/menu/specialty32f4.html]
[www.dominos.com/en/menu/specialty0e22.html]
[www.dominos.com/en/menu/specialty/S_PIZSC/spicy_chicken_bacon_ranch.html]
[www.dominos.com/en/menu/specialty/S_DX/the_peoples_pizza_deluxe.html]
[www.dominos.com/en/menu/specialty/S_ZZ/extravaganzza.html]
[www.dominos.com/en/menu/specialty/S_MX/meatzza.html]
[www.dominos.com/en/menu/specialty/S_PIZUH/honolulu_hawaiian.html]
[www.dominos.com/en/menu/specialty/S_PIZPH/philly_cheese_steak.html]
[www.dominos.com/en/menu/specialty/S_PIZPV/pacific_veggie.html]
[www.dominos.com/en/menu/specialty/S_PIZPX/ultimate_pepperoni.html]
[www.dominos.com/en/menu/specialty/S_PIZCK/memphis_bbq_chicken.html]
[www.dominos.com/en/menu/specialty/S_PIZCZ/wisconsin_6cheese.html]
[www.dominos.com/en/menu/specialty.html]
[www.dominos.com/menu/specialty32f4.html]
[www.dominos.com/menu/specialty0e22.html]
[www.dominos.com/en/menu/specialty/S_PISPF/spinach_feta.html]
[www.dominos.com/_next/static/chunks/pages/menu/[categoryId]/[productCode]/[productId]-3585c1c886969b11.js]
[www.dominos.com/menu/specialty/S_PIZSC/spicy_chicken_bacon_ranch.html]
[www.dominos.com/dpz-ecomm-makeline-ui-mfe/icons/modern/icon-type-add-cart--background-primary.svg]
[www.dominos.com/dpz-ecomm-makeline-ui-mfe/icons/modern/minus--text-tertiary.svg]
[www.dominos.com/dpz-ecomm-makeline-ui-mfe/icons/modern/plus--background-primary.svg]
[www.dominos.com/menu/specialty/S_DX/the_peoples_pizza_deluxe.html]
[www.dominos.com/menu/specialty/S_ZZ/extravaganzza.html]
[www.dominos.com/menu/specialty/S_MX/meatzza.html]
[www.dominos.com/menu/specialty/S_PIZUH/honolulu_hawaiian.html]
[www.dominos.com/menu/specialty/S_PIZPH/philly_cheese_steak.html]
[www.dominos.com/menu/specialty/S_PIZPV/pacific_veggie.html]
[www.dominos.com/menu/specialty/S_PIZPX/ultimate_pepperoni.html]
[www.dominos.com/menu/specialty/S_PIZCK/memphis_bbq_chicken.html]
[www.dominos.com/menu/specialty/S_PIZCZ/wisconsin_6cheese.html]
[www.dominos.com/menu/specialty/S_PISPF/spinach_feta.html]
[www.dominos.com/en/menu/bread32f4.html]
[www.dominos.com/en/menu/bread0e22.html]
[www.dominos.com/en/menu/bread/F_PBITES/parmesan_bread_bites.html]
[www.dominos.com/en/menu/bread/F_GBITES/garlic_bread_bites.html]
[www.dominos.com/en/menu/bread/F_SCBRD/stuffed_cheesy_bread.html]
[www.dominos.com/en/menu/bread/F_SPBRD/pepperoni_stuffed_cheesy_bread.html]
[www.dominos.com/en/menu/bread/F_SSBRD/spinach_feta_stuffed_cheesy_bread.html]
[www.dominos.com/en/menu/bread/F_SBBRD/bacon_jalapeno_stuffed_cheesy_bread.html]
[www.dominos.com/en/menu/bread.html]
[www.dominos.com/menu/bread32f4.html]
[www.dominos.com/menu/bread0e22.html]
[www.dominos.com/menu/bread/F_PBITES/parmesan_bread_bites.html]
[www.dominos.com/menu/bread/F_GBITES/garlic_bread_bites.html]
[www.dominos.com/menu/bread/F_SCBRD/stuffed_cheesy_bread.html]
[www.dominos.com/menu/bread/F_SPBRD/pepperoni_stuffed_cheesy_bread.html]
[www.dominos.com/menu/bread/F_SSBRD/spinach_feta_stuffed_cheesy_bread.html]
[www.dominos.com/menu/bread/F_SBBRD/bacon_jalapeno_stuffed_cheesy_bread.html]
[www.dominos.com/menu/bread/F_CBITES/cinnamon_bread_bites.html]
[www.dominos.com/en/menu/bread/F_CBITES/cinnamon_bread_bites.html]
[www.dominos.com/en/menu/wings32f4.html]
[www.dominos.com/en/menu/wings0e22.html]
[www.dominos.com/en/menu/wings/S_SCCBT/loaded_chicken_crispy_bacon_tomato.html]
[www.dominos.com/en/menu/wings/S_SCCHB/loaded_chicken_classic_hot_buffalo.html]
[www.dominos.com/en/menu/wings/S_SCSJP/loaded_chicken_spicy_jalapeno_pineapple.html]
[www.dominos.com/en/menu/wings/S_SCSBBQ/loaded_chicken_sweet_bbq_bacon.html]
[www.dominos.com/en/menu/wings/S_HOTWINGS/hot_buffalo_wings.html]
[www.dominos.com/en/menu/wings/S_BBQW/honey_bbq_wings.html]
[www.dominos.com/en/menu/wings/S_PLNWINGS/plain_wings.html]
[www.dominos.com/en/menu/wings/S_SMANG/sweet_mango_habanero_wings.html]
[www.dominos.com/en/menu/wings/S_GPRMWING/garlic_parmesan_wings.html]
[www.dominos.com/en/menu/wings.html]
[www.dominos.com/menu/wings32f4.html]
[www.dominos.com/menu/wings0e22.html]
[www.dominos.com/menu/wings/S_SCCBT/loaded_chicken_crispy_bacon_tomato.html]
[www.dominos.com/menu/wings/S_SCCHB/loaded_chicken_classic_hot_buffalo.html]
[www.dominos.com/menu/wings/S_SCSJP/loaded_chicken_spicy_jalapeno_pineapple.html]
[www.dominos.com/menu/wings/S_SCSBBQ/loaded_chicken_sweet_bbq_bacon.html]
[www.dominos.com/menu/wings/S_HOTWINGS/hot_buffalo_wings.html]
[www.dominos.com/menu/wings/S_BBQW/honey_bbq_wings.html]
[www.dominos.com/menu/wings/S_PLNWINGS/plain_wings.html]
[www.dominos.com/menu/wings/S_SMANG/sweet_mango_habanero_wings.html]
[www.dominos.com/menu/wings/S_GPRMWING/garlic_parmesan_wings.html]
[www.dominos.com/menu/wings/S_BONELESS/boneless_chicken.html]
[www.dominos.com/en/menu/wings/S_BONELESS/boneless_chicken.html]
[www.dominos.com/en/menu/dessert32f4.html]
[www.dominos.com/en/menu/dessert0e22.html]
[www.dominos.com/en/menu/dessert/F_CBITES/cinnamon_bread_bites.html]
[www.dominos.com/en/menu/dessert/F_MRBRWNE/dominos_marbled_cookie_brownie.html]
[www.dominos.com/en/menu/dessert.html]
[www.dominos.com/menu/dessert32f4.html]
[www.dominos.com/menu/dessert0e22.html]
[www.dominos.com/menu/dessert/F_CBITES/cinnamon_bread_bites.html]
[www.dominos.com/menu/dessert/F_MRBRWNE/dominos_marbled_cookie_brownie.html]
[www.dominos.com/menu/dessert/F_LAVA/chocolate_lava_crunch_cakes.html]
[www.dominos.com/en/menu/dessert/F_LAVA/chocolate_lava_crunch_cakes.html]
[www.dominos.com/en/menu/pasta32f4.html]
[www.dominos.com/en/menu/pasta0e22.html]
[www.dominos.com/en/menu/pasta/S_5CHSMAC/5cheese_mac_cheese.html]
[www.dominos.com/en/menu/pasta/S_BUFFALO/spicy_buffalo_5cheese_mac_cheese.html]
[www.dominos.com/en/menu/pasta.html]
[www.dominos.com/menu/pasta32f4.html]
[www.dominos.com/menu/pasta0e22.html]
[www.dominos.com/menu/pasta/S_5CHSMAC/5cheese_mac_cheese.html]
[www.dominos.com/menu/pasta/S_BUFFALO/spicy_buffalo_5cheese_mac_cheese.html]
[www.dominos.com/menu/pasta/S_ALFR/chicken_alfredo.html]
[www.dominos.com/en/menu/pasta/S_ALFR/chicken_alfredo.html]
[www.dominos.com/en/menu/sandwich32f4.html]
[www.dominos.com/en/menu/sandwich0e22.html]
[www.dominos.com/en/menu/sandwich/S_PHIL/philly_cheese_steak.html]
[www.dominos.com/en/menu/sandwich/S_CHIKK/chicken_bacon_ranch.html]
[www.dominos.com/en/menu/sandwich/S_ITALIAN/italian.html]
[www.dominos.com/en/menu/sandwich/S_CHIKP/chicken_parm.html]
[www.dominos.com/en/menu/sandwich.html]
[www.dominos.com/menu/sandwich32f4.html]
[www.dominos.com/menu/sandwich0e22.html]
[www.dominos.com/menu/sandwich/S_PHIL/philly_cheese_steak.html]
[www.dominos.com/menu/sandwich/S_CHIKK/chicken_bacon_ranch.html]
[www.dominos.com/menu/sandwich/S_ITALIAN/italian.html]
[www.dominos.com/menu/sandwich/S_CHIKP/chicken_parm.html]
[www.dominos.com/menu/sandwich/S_BUFC/buffalo_chicken.html]
[www.dominos.com/en/menu/sandwich/S_BUFC/buffalo_chicken.html]
[www.dominos.com/en/menu/g-salad32f4.html]
[www.dominos.com/en/menu/g-salad0e22.html]
[www.dominos.com/en/menu/g-salad/F_GARDEN/classic_garden.html]
[www.dominos.com/en/menu/g-salad.html]
[www.dominos.com/menu/g-salad32f4.html]
[www.dominos.com/menu/g-salad0e22.html]
[www.dominos.com/menu/g-salad/F_GARDEN/classic_garden.html]
[www.dominos.com/menu/g-salad/F_CCAESAR/chicken_caesar.html]
[www.dominos.com/en/menu/g-salad/F_CCAESAR/chicken_caesar.html]
[www.dominos.com/en/menu/drinks32f4.html]
[www.dominos.com/en/menu/drinks0e22.html]
[www.dominos.com/en/menu/drinks/F_COKE/coke.html]
[www.dominos.com/en/menu/drinks/F_DIET/diet_coke.html]
[www.dominos.com/en/menu/drinks/F_SPRITE/sprite.html]
[www.dominos.com/en/menu/drinks/F_WATER/dasani_bottle_water.html]
[www.dominos.com/en/menu/drinks.html]
[www.dominos.com/menu/drinks32f4.html]
[www.dominos.com/menu/drinks0e22.html]
[www.dominos.com/menu/drinks/F_COKE/coke.html]
[www.dominos.com/menu/drinks/F_DIET/diet_coke.html]
[www.dominos.com/menu/drinks/F_SPRITE/sprite.html]
[www.dominos.com/menu/drinks/F_WATER/dasani_bottle_water.html]
[www.dominos.com/menu/drinks/F_ORAN/fanta_orange.html]
[www.dominos.com/en/menu/drinks/F_ORAN/fanta_orange.html]
[www.dominos.com/en/menu/sides32f4.html]
[www.dominos.com/en/menu/sides0e22.html]
[www.dominos.com/en/menu/sides/F_SIDSLICE/slice_sauce_dipping_cup.html]
[www.dominos.com/en/menu/sides/F_HOTCUP/hot_buffalo_dipping_cup.html]
[www.dominos.com/en/menu/sides/F_SMHAB/sweet_mango_habanero_dipping_cup.html]
[www.dominos.com/en/menu/sides/F_BBQC/honey_bbq_dipping_cup.html]
[www.dominos.com/en/menu/sides/F_SIDRAN/ranch_dipping_cup.html]
[www.dominos.com/en/menu/sides/F_Bd/blue_cheese_dipping_cup.html]
[www.dominos.com/en/menu/sides/F_SIDGAR/garlic_dipping_cup.html]
[www.dominos.com/en/menu/sides/F_SIDICE/icing_dipping_cup.html]
[www.dominos.com/en/menu/sides/F_SIDMAR/marinara_dipping_cup.html]
[www.dominos.com/en/menu/sides/F_CAESAR/caesar_dressing.html]
[www.dominos.com/en/menu/sides/F_RANCHPK/ranch_dressing.html]
[www.dominos.com/en/menu/sides/F_STJUDE/st_jude_donation.html]
[www.dominos.com/en/menu/sides.html]
[www.dominos.com/menu/sides32f4.html]
[www.dominos.com/menu/sides0e22.html]
[www.dominos.com/menu/sides/F_SIDSLICE/slice_sauce_dipping_cup.html]
[www.dominos.com/menu/sides/F_HOTCUP/hot_buffalo_dipping_cup.html]
[www.dominos.com/menu/sides/F_SMHAB/sweet_mango_habanero_dipping_cup.html]
[www.dominos.com/menu/sides/F_BBQC/honey_bbq_dipping_cup.html]
[www.dominos.com/menu/sides/F_SIDRAN/ranch_dipping_cup.html]
[www.dominos.com/menu/sides/F_Bd/blue_cheese_dipping_cup.html]
[www.dominos.com/menu/sides/F_SIDGAR/garlic_dipping_cup.html]
[www.dominos.com/menu/sides/F_SIDICE/icing_dipping_cup.html]
[www.dominos.com/menu/sides/F_SIDMAR/marinara_dipping_cup.html]
[www.dominos.com/menu/sides/F_CAESAR/caesar_dressing.html]
[www.dominos.com/menu/sides/F_RANCHPK/ranch_dressing.html]
[www.dominos.com/menu/sides/F_STJUDE/st_jude_donation.html]
[www.dominos.com/menu/sides/F_BALVIN/balsamic.html]
[www.dominos.com/en/menu/sides/F_BALVIN/balsamic.html]
[www.dominos.com/_next/static/chunks/pages/about-pizza-1ffdeb9dd7bc8907.js]
[www.dominos.com/en/about-pizza.html]
[www.dominos.com/en/content/customer-support.html]
[www.dominos.com/dpz-ecomm-makeline-ui-mfe/icons/modern/icon-type-arrow-right.svg]
[www.dominos.com/en/content/email-and-text-offers.html]
[www.dominos.com/content/unsubscribe.html]
[www.dominos.com/customer/profile.html]
[www.dominos.com/en/content/unsubscribe.html]
[www.dominos.com/_next/static/chunks/pages/international-83d2fc2eecd99686.js]
[www.dominos.com/en/international.html]
[www.dominos.com/en/content/nutrition.html]
[www.dominos.com/en/content/allergen-info.html]
[www.dominos.com/en/content/gluten-free-warning.html]
[www.dominos.com/en/content/ingredients.html]
[www.dominos.com/en/content/gift-cards.html]
[www.dominos.com/en/content/carryout-insurance.html]
[www.dominos.com/en/data-privacy-rights.html]
[www.dominos.com/content/privacy/index.html]
[www.dominos.com/en/content/privacy.html]
[www.dominos.com/content/gift-card-policy.html]
[www.dominos.com/en/content/gift-card-policy.html]
[www.dominos.com/content/biometric-data-policy.html]
[www.dominos.com/content/terms-of-use/index.html]
[www.dominos.com/content/gift-cards/index.html]
[www.dominos.com/en/content/terms-of-use.html]
[www.dominos.com/en/content/accessibility-policy.html]
[www.dominos.com/en32f4.html]
[www.dominos.com/en0e22.html]
[www.dominos.com/en/menu/previous.html]
[www.dominos.com/en/menu32f4.html]
[www.dominos.com/en/menu0e22.html]
[www.dominos.com/en/menu/specialty32f4.html]
[www.dominos.com/en/menu/specialty0e22.html]
[www.dominos.com/en/menu/specialty/S_PIZSC/spicy_chicken_bacon_ranch.html]
[www.dominos.com/en/menu/specialty/S_DX/the_peoples_pizza_deluxe.html]
[www.dominos.com/en/menu/specialty/S_ZZ/extravaganzza.html]
[www.dominos.com/en/menu/specialty/S_MX/meatzza.html]
[www.dominos.com/en/menu/specialty/S_PIZUH/honolulu_hawaiian.html]
[www.dominos.com/en/menu/specialty/S_PIZPH/philly_cheese_steak.html]
[www.dominos.com/en/menu/specialty/S_PIZPV/pacific_veggie.html]
[www.dominos.com/en/menu/specialty/S_PIZPX/ultimate_pepperoni.html]
[www.dominos.com/en/menu/specialty/S_PIZCK/memphis_bbq_chicken.html]
[www.dominos.com/en/menu/specialty/S_PIZCZ/wisconsin_6cheese.html]
[www.dominos.com/en/menu/specialty/S_PISPF/spinach_feta.html]
[www.dominos.com/en/menu/bread32f4.html]
[www.dominos.com/en/menu/bread0e22.html]
[www.dominos.com/en/menu/bread/F_PBITES/parmesan_bread_bites.html]
[www.dominos.com/en/menu/bread/F_GBITES/garlic_bread_bites.html]
[www.dominos.com/en/menu/bread/F_SCBRD/stuffed_cheesy_bread.html]
[www.dominos.com/en/menu/bread/F_SPBRD/pepperoni_stuffed_cheesy_bread.html]
[www.dominos.com/en/menu/bread/F_SSBRD/spinach_feta_stuffed_cheesy_bread.html]
[www.dominos.com/en/menu/bread/F_SBBRD/bacon_jalapeno_stuffed_cheesy_bread.html]
[www.dominos.com/en/menu/bread/F_CBITES/cinnamon_bread_bites.html]
[www.dominos.com/en/menu/wings32f4.html]
[www.dominos.com/en/menu/wings0e22.html]
[www.dominos.com/en/menu/wings/S_SCCBT/loaded_chicken_crispy_bacon_tomato.html]
[www.dominos.com/en/menu/wings/S_SCCHB/loaded_chicken_classic_hot_buffalo.html]
[www.dominos.com/en/menu/wings/S_SCSJP/loaded_chicken_spicy_jalapeno_pineapple.html]
[www.dominos.com/en/menu/wings/S_SCSBBQ/loaded_chicken_sweet_bbq_bacon.html]
[www.dominos.com/en/menu/wings/S_HOTWINGS/hot_buffalo_wings.html]
[www.dominos.com/en/menu/wings/S_BBQW/honey_bbq_wings.html]
[www.dominos.com/en/menu/wings/S_PLNWINGS/plain_wings.html]
[www.dominos.com/en/menu/wings/S_SMANG/sweet_mango_habanero_wings.html]
[www.dominos.com/en/menu/wings/S_GPRMWING/garlic_parmesan_wings.html]
[www.dominos.com/en/menu/wings/S_BONELESS/boneless_chicken.html]
[www.dominos.com/en/menu/dessert32f4.html]
[www.dominos.com/en/menu/dessert0e22.html]
[www.dominos.com/en/menu/dessert/F_CBITES/cinnamon_bread_bites.html]
[www.dominos.com/en/menu/dessert/F_MRBRWNE/dominos_marbled_cookie_brownie.html]
[www.dominos.com/en/menu/dessert/F_LAVA/chocolate_lava_crunch_cakes.html]
[www.dominos.com/en/menu/pasta32f4.html]
[www.dominos.com/en/menu/pasta0e22.html]
[www.dominos.com/en/menu/pasta/S_5CHSMAC/5cheese_mac_cheese.html]
[www.dominos.com/en/menu/pasta/S_BUFFALO/spicy_buffalo_5cheese_mac_cheese.html]
[www.dominos.com/en/menu/pasta/S_ALFR/chicken_alfredo.html]
[www.dominos.com/en/menu/sandwich32f4.html]
[www.dominos.com/en/menu/sandwich0e22.html]
[www.dominos.com/en/menu/sandwich/S_PHIL/philly_cheese_steak.html]
[www.dominos.com/en/menu/sandwich/S_CHIKK/chicken_bacon_ranch.html]
[www.dominos.com/en/menu/sandwich/S_ITALIAN/italian.html]
[www.dominos.com/en/menu/sandwich/S_CHIKP/chicken_parm.html]
[www.dominos.com/en/menu/sandwich/S_BUFC/buffalo_chicken.html]
[www.dominos.com/en/menu/g-salad32f4.html]
[www.dominos.com/en/menu/g-salad0e22.html]
[www.dominos.com/en/menu/g-salad/F_GARDEN/classic_garden.html]
[www.dominos.com/en/menu/g-salad/F_CCAESAR/chicken_caesar.html]
[www.dominos.com/en/menu/drinks32f4.html]
[www.dominos.com/en/menu/drinks0e22.html]
[www.dominos.com/en/menu/drinks/F_COKE/coke.html]
[www.dominos.com/en/menu/drinks/F_DIET/diet_coke.html]
[www.dominos.com/en/menu/drinks/F_SPRITE/sprite.html]
[www.dominos.com/en/menu/drinks/F_WATER/dasani_bottle_water.html]
[www.dominos.com/en/menu/drinks/F_ORAN/fanta_orange.html]
[www.dominos.com/en/menu/sides32f4.html]
[www.dominos.com/en/menu/sides0e22.html]
[www.dominos.com/en/menu/sides/F_SIDSLICE/slice_sauce_dipping_cup.html]
[www.dominos.com/en/menu/sides/F_HOTCUP/hot_buffalo_dipping_cup.html]
[www.dominos.com/en/menu/sides/F_SMHAB/sweet_mango_habanero_dipping_cup.html]
[www.dominos.com/en/menu/sides/F_BBQC/honey_bbq_dipping_cup.html]
[www.dominos.com/en/menu/sides/F_SIDRAN/ranch_dipping_cup.html]
[www.dominos.com/en/menu/sides/F_Bd/blue_cheese_dipping_cup.html]
[www.dominos.com/en/menu/sides/F_SIDGAR/garlic_dipping_cup.html]
[www.dominos.com/en/menu/sides/F_SIDICE/icing_dipping_cup.html]
[www.dominos.com/en/menu/sides/F_SIDMAR/marinara_dipping_cup.html]
[www.dominos.com/en/menu/sides/F_CAESAR/caesar_dressing.html]
[www.dominos.com/en/menu/sides/F_RANCHPK/ranch_dressing.html]
[www.dominos.com/en/menu/sides/F_STJUDE/st_jude_donation.html]
[www.dominos.com/en/menu/sides/F_BALVIN/balsamic.html]
[www.dominos.com/en/content/unsubscribe.html]
[www.dominos.com/en/content/gift-card-policy.html]
[www.dominos.com/en/content/biometric-data-policy.html]
[www.dominos.com/en/content/biometric-data-policy.html]
